// Jest Snapshot v1, https://goo.gl/fbAQLP

exports[`Container should render a Container correctly 1`] = `
<div>
  <div
    class="container"
  >
    content
  </div>
</div>
`;
