// Jest Snapshot v1, https://goo.gl/fbAQLP

exports[`Button should render a Button correctly 1`] = `
<div>
  <button
    class="component small"
    data-testid="btn"
    icon="[object Object]"
  >
    <span
      class="icon"
    >
      <svg
        fill="currentColor"
        height="1em"
        viewBox="0 0 16 16"
        width="1em"
        xmlns="http://www.w3.org/2000/svg"
      >
        <path
          d="M11 2a3 3 0 0 1 3 3v6a3 3 0 0 1-3 3H5a3 3 0 0 1-3-3V5a3 3 0 0 1 3-3h6zM5 1a4 4 0 0 0-4 4v6a4 4 0 0 0 4 4h6a4 4 0 0 0 4-4V5a4 4 0 0 0-4-4H5z"
        />
      </svg>
    </span>
    <span
      class="text"
    >
      sim
    </span>
  </button>
</div>
`;
