// Jest Snapshot v1, https://goo.gl/fbAQLP

exports[`Loading should render a Loading correctly 1`] = `
<div>
  <div
    class="loading"
  >
    <div
      class="sweet-loading"
    />
  </div>
</div>
`;
